Archive member included to satisfy reference by file (symbol)

/home/bj/workspace/eclipse/stm32/stm32f405rg_stdperiph_lib/Debug/libstm32f405rg_stdperiph_lib.a(misc.o)
                              src/bsp.o (NVIC_PriorityGroupConfig)
/home/bj/workspace/eclipse/stm32/stm32f405rg_stdperiph_lib/Debug/libstm32f405rg_stdperiph_lib.a(stm32f4xx_can.o)
                              src/can1.o (CAN_DeInit)
/home/bj/workspace/eclipse/stm32/stm32f405rg_stdperiph_lib/Debug/libstm32f405rg_stdperiph_lib.a(stm32f4xx_dma.o)
                              src/usart1.o (DMA_DeInit)
/home/bj/workspace/eclipse/stm32/stm32f405rg_stdperiph_lib/Debug/libstm32f405rg_stdperiph_lib.a(stm32f4xx_gpio.o)
                              src/can1.o (GPIO_Init)
/home/bj/workspace/eclipse/stm32/stm32f405rg_stdperiph_lib/Debug/libstm32f405rg_stdperiph_lib.a(stm32f4xx_rcc.o)
                              src/can1.o (RCC_AHB1PeriphClockCmd)
/home/bj/workspace/eclipse/stm32/stm32f405rg_stdperiph_lib/Debug/libstm32f405rg_stdperiph_lib.a(stm32f4xx_tim.o)
                              src/pwm.o (TIM_TimeBaseInit)
/home/bj/workspace/eclipse/stm32/stm32f405rg_stdperiph_lib/Debug/libstm32f405rg_stdperiph_lib.a(stm32f4xx_usart.o)
                              src/usart1.o (USART_DeInit)
/home/bj/.p2/pool/plugins/fr.ac6.mcu.externaltools.arm-none.linux64_1.12.0.201611241417/tools/compiler/bin/../lib/gcc/arm-none-eabi/5.4.1/../../../../arm-none-eabi/lib/armv7e-m/fpu/libc.a(lib_a-errno.o)
                              src/syscalls.o (__errno)
/home/bj/.p2/pool/plugins/fr.ac6.mcu.externaltools.arm-none.linux64_1.12.0.201611241417/tools/compiler/bin/../lib/gcc/arm-none-eabi/5.4.1/../../../../arm-none-eabi/lib/armv7e-m/fpu/libc.a(lib_a-exit.o)
                              /home/bj/.p2/pool/plugins/fr.ac6.mcu.externaltools.arm-none.linux64_1.12.0.201611241417/tools/compiler/bin/../lib/gcc/arm-none-eabi/5.4.1/../../../../arm-none-eabi/lib/armv7e-m/fpu/crt0.o (exit)
/home/bj/.p2/pool/plugins/fr.ac6.mcu.externaltools.arm-none.linux64_1.12.0.201611241417/tools/compiler/bin/../lib/gcc/arm-none-eabi/5.4.1/../../../../arm-none-eabi/lib/armv7e-m/fpu/libc.a(lib_a-impure.o)
                              /home/bj/.p2/pool/plugins/fr.ac6.mcu.externaltools.arm-none.linux64_1.12.0.201611241417/tools/compiler/bin/../lib/gcc/arm-none-eabi/5.4.1/../../../../arm-none-eabi/lib/armv7e-m/fpu/libc.a(lib_a-exit.o) (_global_impure_ptr)
/home/bj/.p2/pool/plugins/fr.ac6.mcu.externaltools.arm-none.linux64_1.12.0.201611241417/tools/compiler/bin/../lib/gcc/arm-none-eabi/5.4.1/../../../../arm-none-eabi/lib/armv7e-m/fpu/libc.a(lib_a-init.o)
                              /home/bj/.p2/pool/plugins/fr.ac6.mcu.externaltools.arm-none.linux64_1.12.0.201611241417/tools/compiler/bin/../lib/gcc/arm-none-eabi/5.4.1/../../../../arm-none-eabi/lib/armv7e-m/fpu/crt0.o (__libc_init_array)
/home/bj/.p2/pool/plugins/fr.ac6.mcu.externaltools.arm-none.linux64_1.12.0.201611241417/tools/compiler/bin/../lib/gcc/arm-none-eabi/5.4.1/../../../../arm-none-eabi/lib/armv7e-m/fpu/libc.a(lib_a-malloc.o)
                              src/fifo.o (malloc)
/home/bj/.p2/pool/plugins/fr.ac6.mcu.externaltools.arm-none.linux64_1.12.0.201611241417/tools/compiler/bin/../lib/gcc/arm-none-eabi/5.4.1/../../../../arm-none-eabi/lib/armv7e-m/fpu/libc.a(lib_a-mallocr.o)
                              /home/bj/.p2/pool/plugins/fr.ac6.mcu.externaltools.arm-none.linux64_1.12.0.201611241417/tools/compiler/bin/../lib/gcc/arm-none-eabi/5.4.1/../../../../arm-none-eabi/lib/armv7e-m/fpu/libc.a(lib_a-malloc.o) (_malloc_r)
/home/bj/.p2/pool/plugins/fr.ac6.mcu.externaltools.arm-none.linux64_1.12.0.201611241417/tools/compiler/bin/../lib/gcc/arm-none-eabi/5.4.1/../../../../arm-none-eabi/lib/armv7e-m/fpu/libc.a(lib_a-memset.o)
                              /home/bj/.p2/pool/plugins/fr.ac6.mcu.externaltools.arm-none.linux64_1.12.0.201611241417/tools/compiler/bin/../lib/gcc/arm-none-eabi/5.4.1/../../../../arm-none-eabi/lib/armv7e-m/fpu/crt0.o (memset)
/home/bj/.p2/pool/plugins/fr.ac6.mcu.externaltools.arm-none.linux64_1.12.0.201611241417/tools/compiler/bin/../lib/gcc/arm-none-eabi/5.4.1/../../../../arm-none-eabi/lib/armv7e-m/fpu/libc.a(lib_a-mlock.o)
                              /home/bj/.p2/pool/plugins/fr.ac6.mcu.externaltools.arm-none.linux64_1.12.0.201611241417/tools/compiler/bin/../lib/gcc/arm-none-eabi/5.4.1/../../../../arm-none-eabi/lib/armv7e-m/fpu/libc.a(lib_a-mallocr.o) (__malloc_lock)
/home/bj/.p2/pool/plugins/fr.ac6.mcu.externaltools.arm-none.linux64_1.12.0.201611241417/tools/compiler/bin/../lib/gcc/arm-none-eabi/5.4.1/../../../../arm-none-eabi/lib/armv7e-m/fpu/libc.a(lib_a-sbrkr.o)
                              /home/bj/.p2/pool/plugins/fr.ac6.mcu.externaltools.arm-none.linux64_1.12.0.201611241417/tools/compiler/bin/../lib/gcc/arm-none-eabi/5.4.1/../../../../arm-none-eabi/lib/armv7e-m/fpu/libc.a(lib_a-mallocr.o) (_sbrk_r)
[...]
Memory Configuration

Name             Origin             Length             Attributes
RAM              0x20000000         0x00020000         xrw
ROM              0x08000000         0x00100000         xr
*default*        0x00000000         0xffffffff

Linker script and memory map

LOAD /home/bj/.p2/pool/plugins/fr.ac6.mcu.externaltools.arm-none.linux64_1.12.0.201611241417/tools/compiler/bin/../lib/gcc/arm-none-eabi/5.4.1/armv7e-m/fpu/crti.o
LOAD /home/bj/.p2/pool/plugins/fr.ac6.mcu.externaltools.arm-none.linux64_1.12.0.201611241417/tools/compiler/bin/../lib/gcc/arm-none-eabi/5.4.1/armv7e-m/fpu/crtbegin.o
LOAD /home/bj/.p2/pool/plugins/fr.ac6.mcu.externaltools.arm-none.linux64_1.12.0.201611241417/tools/compiler/bin/../lib/gcc/arm-none-eabi/5.4.1/../../../../arm-none-eabi/lib/armv7e-m/fpu/crt0.o
LOAD /home/bj/.p2/pool/plugins/fr.ac6.mcu.externaltools.arm-none.linux64_1.12.0.201611241417/tools/compiler/bin/../lib/gcc/arm-none-eabi/5.4.1/../../../../arm-none-eabi/lib/armv7e-m/fpu/libm.a
LOAD src/bsp.o
LOAD src/can1.o
LOAD src/can1_task.o
LOAD src/can2.o
LOAD src/can2_task.o
LOAD src/control_task.o
LOAD src/crc16.o
LOAD src/dbus.o
LOAD src/delay.o
LOAD src/encoder.o
LOAD src/fifo.o
LOAD src/input_task.o
LOAD src/led.o
LOAD src/main.o
LOAD src/mecanum.o
LOAD src/motor.o
LOAD src/odom_task.o
LOAD src/pid.o
LOAD src/pwm.o
LOAD src/quad_encoder.o
LOAD src/ramp.o
LOAD src/syscalls.o
LOAD src/system_stm32f4xx.o
LOAD src/timer.o
LOAD src/usart1.o
LOAD src/usart3.o
LOAD src/zgyro.o
LOAD startup/startup_stm32.o
LOAD /home/bj/workspace/eclipse/stm32/stm32f405rg_stdperiph_lib/Debug/libstm32f405rg_stdperiph_lib.a
START GROUP
LOAD /home/bj/.p2/pool/plugins/fr.ac6.mcu.externaltools.arm-none.linux64_1.12.0.201611241417/tools/compiler/bin/../lib/gcc/arm-none-eabi/5.4.1/armv7e-m/fpu/libgcc.a
LOAD /home/bj/.p2/pool/plugins/fr.ac6.mcu.externaltools.arm-none.linux64_1.12.0.201611241417/tools/compiler/bin/../lib/gcc/arm-none-eabi/5.4.1/../../../../arm-none-eabi/lib/armv7e-m/fpu/libc.a
END GROUP
LOAD /home/bj/.p2/pool/plugins/fr.ac6.mcu.externaltools.arm-none.linux64_1.12.0.201611241417/tools/compiler/bin/../lib/gcc/arm-none-eabi/5.4.1/armv7e-m/fpu/crtend.o
LOAD /home/bj/.p2/pool/plugins/fr.ac6.mcu.externaltools.arm-none.linux64_1.12.0.201611241417/tools/compiler/bin/../lib/gcc/arm-none-eabi/5.4.1/armv7e-m/fpu/crtn.o
                0x20020000                _estack = 0x20020000
                0x00000000                _Min_Heap_Size = 0x0
                0x00000400                _Min_Stack_Size = 0x400

.isr_vector     0x08000000      0x188
                0x08000000                . = ALIGN (0x4)
 *(.isr_vector)
 .isr_vector    0x08000000      0x188 startup/startup_stm32.o
                0x08000000                g_pfnVectors
                0x08000188                . = ALIGN (0x4)

.text           0x08000188     0x31bc
                0x08000188                . = ALIGN (0x4)
 *(.text)
 .text          0x08000188       0x5c /home/bj/.p2/pool/plugins/fr.ac6.mcu.externaltools.arm-none.linux64_1.12.0.201611241417/tools/compiler/bin/../lib/gcc/arm-none-eabi/5.4.1/armv7e-m/fpu/crtbegin.o
 *(.text*)
 .text.BSP_Config
                0x080001e4       0x44 src/bsp.o
                0x080001e4                BSP_Config
 .text.CAN1_Config
                0x08000228      0x11c src/can1.o
                0x08000228                CAN1_Config
 .text.CAN2_Config
                0x08000344      0x11c src/can2.o
                0x08000344                CAN2_Config
 .text.CRC16Calc
                0x08000460       0x5c src/crc16.o
                0x08000460                CRC16Calc
 .text.CRC16Append
                0x080004bc       0x5c src/crc16.o
                0x080004bc                CRC16Append
 .text.FIFO_Create
                0x08000518       0xcc src/fifo.o
                0x08000518                FIFO_Create
 .text.FIFO_Flush
                0x080005e4       0x68 src/fifo.o
                0x080005e4                FIFO_Flush
 .text.FIFO_Push
                0x0800064c       0x4c src/fifo.o
                0x0800064c                FIFO_Push
 .text.FIFO_PushBlock
                0x08000698       0x50 src/fifo.o
                0x08000698                FIFO_PushBlock
 .text.FIFO_Pop
                0x080006e8       0x3c src/fifo.o
                0x080006e8                FIFO_Pop
 .text.FIFO_PopBlock
                0x08000724       0x50 src/fifo.o
                0x08000724                FIFO_PopBlock
 .text.FIFO_Preread
                0x08000774       0x40 src/fifo.o
                0x08000774                FIFO_Preread
 .text.FIFO_PrereadBlock
                0x080007b4       0x68 src/fifo.o
                0x080007b4                FIFO_PrereadBlock
 .text.FIFO_IsFull
                0x0800081c       0x30 src/fifo.o
                0x0800081c                FIFO_IsFull
 .text.FIFO_IsEmpty
                0x0800084c       0x28 src/fifo.o
                0x0800084c                FIFO_IsEmpty
 .text.FIFO_GetUsedSpace
                0x08000874       0x20 src/fifo.o
                0x08000874                FIFO_GetUsedSpace
 .text.FIFO_GetFreeSpace
                0x08000894       0x24 src/fifo.o
                0x08000894                FIFO_GetFreeSpace
 .text.Led_Config
                0x080008b8       0x44 src/led.o
                0x080008b8                Led_Config
 .text.main     0x080008fc       0x30 src/main.o
                0x080008fc                main
 .text.Mecanum_Synthesis
                0x0800092c       0xd4 src/mecanum.o
                0x0800092c                Mecanum_Synthesis
 .text.OdomTask
                0x08000a00      0x138 src/odom_task.o
                0x08000a00                OdomTask
 .text.PWM_Config
                0x08000b38      0x1d0 src/pwm.o
                0x08000b38                PWM_Config
 .text.QuadEncoder_Config
                0x08000d08       0x70 src/quad_encoder.o
                0x08000d08                QuadEncoder_Config
 .text._sbrk    0x08000d78       0x58 src/syscalls.o
                0x08000d78                _sbrk
 .text.SystemInit
                0x08000dd0       0x6c src/system_stm32f4xx.o
                0x08000dd0                SystemInit
 .text.SetSysClock
                0x08000e3c       0xf8 src/system_stm32f4xx.o
 .text.TIM6_Config
                0x08000f34       0x50 src/timer.o
                0x08000f34                TIM6_Config
 .text.TIM6_Start
                0x08000f84       0x28 src/timer.o
                0x08000f84                TIM6_Start
 .text.TIM2_Config
                0x08000fac       0x48 src/timer.o
                0x08000fac                TIM2_Config
 .text.USART1_Config
                0x08000ff4      0x174 src/usart1.o
                0x08000ff4                USART1_Config
 .text.USART3_Config
                0x08001168       0xc4 src/usart3.o
                0x08001168                USART3_Config
 .text.USART3_PrintBlock
                0x0800122c       0x38 src/usart3.o
                0x0800122c                USART3_PrintBlock
 .text.Reset_Handler
                0x08001264       0x48 startup/startup_stm32.o
                0x08001264                Reset_Handler
 .text.Default_Handler
                0x080012ac        0x2 startup/startup_stm32.o
                0x080012ac                DebugMon_Handler
                0x080012ac                HardFault_Handler
                0x080012ac                SysTick_Handler
                0x080012ac                PendSV_Handler
                0x080012ac                NMI_Handler
                0x080012ac                UsageFault_Handler
                0x080012ac                Default_Handler
                0x080012ac                MemManage_Handler
                0x080012ac                SVC_Handler
                0x080012ac                BusFault_Handler
 *fill*         0x080012ae        0x2 
 .text.NVIC_PriorityGroupConfig
                0x080012b0       0x28 /home/bj/workspace/eclipse/stm32/stm32f405rg_stdperiph_lib/Debug/libstm32f405rg_stdperiph_lib.a(misc.o)
                0x080012b0                NVIC_PriorityGroupConfig
 .text.NVIC_Init
                0x080012d8       0xc4 /home/bj/workspace/eclipse/stm32/stm32f405rg_stdperiph_lib/Debug/libstm32f405rg_stdperiph_lib.a(misc.o)
                0x080012d8                NVIC_Init
 .text.CAN_DeInit
                0x0800139c       0x48 /home/bj/workspace/eclipse/stm32/stm32f405rg_stdperiph_lib/Debug/libstm32f405rg_stdperiph_lib.a(stm32f4xx_can.o)
                0x0800139c                CAN_DeInit
 .text.CAN_Init
                0x080013e4      0x1a4 /home/bj/workspace/eclipse/stm32/stm32f405rg_stdperiph_lib/Debug/libstm32f405rg_stdperiph_lib.a(stm32f4xx_can.o)
                0x080013e4                CAN_Init
 .text.CAN_FilterInit
                0x08001588      0x178 /home/bj/workspace/eclipse/stm32/stm32f405rg_stdperiph_lib/Debug/libstm32f405rg_stdperiph_lib.a(stm32f4xx_can.o)
                0x08001588                CAN_FilterInit
 .text.CAN_StructInit
                0x08001700       0x58 /home/bj/workspace/eclipse/stm32/stm32f405rg_stdperiph_lib/Debug/libstm32f405rg_stdperiph_lib.a(stm32f4xx_can.o)
                0x08001700                CAN_StructInit
 .text.CAN_ITConfig
                0x08001758       0x3c /home/bj/workspace/eclipse/stm32/stm32f405rg_stdperiph_lib/Debug/libstm32f405rg_stdperiph_lib.a(stm32f4xx_can.o)
                0x08001758                CAN_ITConfig
 .text.DMA_DeInit
                0x08001794      0x1a8 /home/bj/workspace/eclipse/stm32/stm32f405rg_stdperiph_lib/Debug/libstm32f405rg_stdperiph_lib.a(stm32f4xx_dma.o)
                0x08001794                DMA_DeInit
 .text.DMA_Init
                0x0800193c       0xb0 /home/bj/workspace/eclipse/stm32/stm32f405rg_stdperiph_lib/Debug/libstm32f405rg_stdperiph_lib.a(stm32f4xx_dma.o)
                0x0800193c                DMA_Init
 .text.DMA_StructInit
                0x080019ec       0x70 /home/bj/workspace/eclipse/stm32/stm32f405rg_stdperiph_lib/Debug/libstm32f405rg_stdperiph_lib.a(stm32f4xx_dma.o)
                0x080019ec                DMA_StructInit
 .text.DMA_Cmd  0x08001a5c       0x38 /home/bj/workspace/eclipse/stm32/stm32f405rg_stdperiph_lib/Debug/libstm32f405rg_stdperiph_lib.a(stm32f4xx_dma.o)
                0x08001a5c                DMA_Cmd
 .text.DMA_DoubleBufferModeConfig
                0x08001a94       0x40 /home/bj/workspace/eclipse/stm32/stm32f405rg_stdperiph_lib/Debug/libstm32f405rg_stdperiph_lib.a(stm32f4xx_dma.o)
                0x08001a94                DMA_DoubleBufferModeConfig
 .text.DMA_DoubleBufferModeCmd
                0x08001ad4       0x38 /home/bj/workspace/eclipse/stm32/stm32f405rg_stdperiph_lib/Debug/libstm32f405rg_stdperiph_lib.a(stm32f4xx_dma.o)
                0x08001ad4                DMA_DoubleBufferModeCmd
 .text.GPIO_Init
                0x08001b0c      0x11c /home/bj/workspace/eclipse/stm32/stm32f405rg_stdperiph_lib/Debug/libstm32f405rg_stdperiph_lib.a(stm32f4xx_gpio.o)
                0x08001b0c                GPIO_Init
 .text.GPIO_StructInit
                0x08001c28       0x34 /home/bj/workspace/eclipse/stm32/stm32f405rg_stdperiph_lib/Debug/libstm32f405rg_stdperiph_lib.a(stm32f4xx_gpio.o)
                0x08001c28                GPIO_StructInit
 .text.GPIO_SetBits
                0x08001c5c       0x20 /home/bj/workspace/eclipse/stm32/stm32f405rg_stdperiph_lib/Debug/libstm32f405rg_stdperiph_lib.a(stm32f4xx_gpio.o)
                0x08001c5c                GPIO_SetBits
 .text.GPIO_ResetBits
                0x08001c7c       0x20 /home/bj/workspace/eclipse/stm32/stm32f405rg_stdperiph_lib/Debug/libstm32f405rg_stdperiph_lib.a(stm32f4xx_gpio.o)
                0x08001c7c                GPIO_ResetBits
 .text.GPIO_PinAFConfig
                0x08001c9c       0x94 /home/bj/workspace/eclipse/stm32/stm32f405rg_stdperiph_lib/Debug/libstm32f405rg_stdperiph_lib.a(stm32f4xx_gpio.o)
                0x08001c9c                GPIO_PinAFConfig
 .text.RCC_GetClocksFreq
                0x08001d30      0x154 /home/bj/workspace/eclipse/stm32/stm32f405rg_stdperiph_lib/Debug/libstm32f405rg_stdperiph_lib.a(stm32f4xx_rcc.o)
                0x08001d30                RCC_GetClocksFreq
 .text.RCC_AHB1PeriphClockCmd
                0x08001e84       0x40 /home/bj/workspace/eclipse/stm32/stm32f405rg_stdperiph_lib/Debug/libstm32f405rg_stdperiph_lib.a(stm32f4xx_rcc.o)
                0x08001e84                RCC_AHB1PeriphClockCmd
 .text.RCC_APB1PeriphClockCmd
                0x08001ec4       0x40 /home/bj/workspace/eclipse/stm32/stm32f405rg_stdperiph_lib/Debug/libstm32f405rg_stdperiph_lib.a(stm32f4xx_rcc.o)
                0x08001ec4                RCC_APB1PeriphClockCmd
 .text.RCC_APB2PeriphClockCmd
                0x08001f04       0x40 /home/bj/workspace/eclipse/stm32/stm32f405rg_stdperiph_lib/Debug/libstm32f405rg_stdperiph_lib.a(stm32f4xx_rcc.o)
                0x08001f04                RCC_APB2PeriphClockCmd
 .text.RCC_APB1PeriphResetCmd
                0x08001f44       0x40 /home/bj/workspace/eclipse/stm32/stm32f405rg_stdperiph_lib/Debug/libstm32f405rg_stdperiph_lib.a(stm32f4xx_rcc.o)
                0x08001f44                RCC_APB1PeriphResetCmd
 .text.RCC_APB2PeriphResetCmd
                0x08001f84       0x40 /home/bj/workspace/eclipse/stm32/stm32f405rg_stdperiph_lib/Debug/libstm32f405rg_stdperiph_lib.a(stm32f4xx_rcc.o)
                0x08001f84                RCC_APB2PeriphResetCmd
 .text.TIM_TimeBaseInit
                0x08001fc4       0xd8 /home/bj/workspace/eclipse/stm32/stm32f405rg_stdperiph_lib/Debug/libstm32f405rg_stdperiph_lib.a(stm32f4xx_tim.o)
                0x08001fc4                TIM_TimeBaseInit
 .text.TIM_ARRPreloadConfig
                0x0800209c       0x40 /home/bj/workspace/eclipse/stm32/stm32f405rg_stdperiph_lib/Debug/libstm32f405rg_stdperiph_lib.a(stm32f4xx_tim.o)
                0x0800209c                TIM_ARRPreloadConfig
 .text.TIM_Cmd  0x080020dc       0x40 /home/bj/workspace/eclipse/stm32/stm32f405rg_stdperiph_lib/Debug/libstm32f405rg_stdperiph_lib.a(stm32f4xx_tim.o)
                0x080020dc                TIM_Cmd
 .text.TIM_OC1Init
                0x0800211c       0xf4 /home/bj/workspace/eclipse/stm32/stm32f405rg_stdperiph_lib/Debug/libstm32f405rg_stdperiph_lib.a(stm32f4xx_tim.o)
                0x0800211c                TIM_OC1Init
 .text.TIM_OC2Init
                0x08002210      0x110 /home/bj/workspace/eclipse/stm32/stm32f405rg_stdperiph_lib/Debug/libstm32f405rg_stdperiph_lib.a(stm32f4xx_tim.o)
                0x08002210                TIM_OC2Init
 .text.TIM_OC3Init
                0x08002320      0x10c /home/bj/workspace/eclipse/stm32/stm32f405rg_stdperiph_lib/Debug/libstm32f405rg_stdperiph_lib.a(stm32f4xx_tim.o)
                0x08002320                TIM_OC3Init
 .text.TIM_OC1PreloadConfig
                0x0800242c       0x38 /home/bj/workspace/eclipse/stm32/stm32f405rg_stdperiph_lib/Debug/libstm32f405rg_stdperiph_lib.a(stm32f4xx_tim.o)
                0x0800242c                TIM_OC1PreloadConfig
 .text.TIM_OC2PreloadConfig
                0x08002464       0x3c /home/bj/workspace/eclipse/stm32/stm32f405rg_stdperiph_lib/Debug/libstm32f405rg_stdperiph_lib.a(stm32f4xx_tim.o)
                0x08002464                TIM_OC2PreloadConfig
 .text.TIM_OC3PreloadConfig
                0x080024a0       0x38 /home/bj/workspace/eclipse/stm32/stm32f405rg_stdperiph_lib/Debug/libstm32f405rg_stdperiph_lib.a(stm32f4xx_tim.o)
                0x080024a0                TIM_OC3PreloadConfig
 .text.TIM_ITConfig
                0x080024d8       0x48 /home/bj/workspace/eclipse/stm32/stm32f405rg_stdperiph_lib/Debug/libstm32f405rg_stdperiph_lib.a(stm32f4xx_tim.o)
                0x080024d8                TIM_ITConfig
 .text.TIM_ClearFlag
                0x08002520       0x24 /home/bj/workspace/eclipse/stm32/stm32f405rg_stdperiph_lib/Debug/libstm32f405rg_stdperiph_lib.a(stm32f4xx_tim.o)
                0x08002520                TIM_ClearFlag
 .text.TIM_EncoderInterfaceConfig
                0x08002544       0x98 /home/bj/workspace/eclipse/stm32/stm32f405rg_stdperiph_lib/Debug/libstm32f405rg_stdperiph_lib.a(stm32f4xx_tim.o)
                0x08002544                TIM_EncoderInterfaceConfig
 .text.USART_DeInit
                0x080025dc      0x118 /home/bj/workspace/eclipse/stm32/stm32f405rg_stdperiph_lib/Debug/libstm32f405rg_stdperiph_lib.a(stm32f4xx_usart.o)
                0x080025dc                USART_DeInit
 .text.USART_Init
                0x080026f4      0x174 /home/bj/workspace/eclipse/stm32/stm32f405rg_stdperiph_lib/Debug/libstm32f405rg_stdperiph_lib.a(stm32f4xx_usart.o)
                0x080026f4                USART_Init
 .text.USART_StructInit
                0x08002868       0x3c /home/bj/workspace/eclipse/stm32/stm32f405rg_stdperiph_lib/Debug/libstm32f405rg_stdperiph_lib.a(stm32f4xx_usart.o)
                0x08002868                USART_StructInit
 .text.USART_Cmd
                0x080028a4       0x40 /home/bj/workspace/eclipse/stm32/stm32f405rg_stdperiph_lib/Debug/libstm32f405rg_stdperiph_lib.a(stm32f4xx_usart.o)
                0x080028a4                USART_Cmd
 .text.USART_DMACmd
                0x080028e4       0x48 /home/bj/workspace/eclipse/stm32/stm32f405rg_stdperiph_lib/Debug/libstm32f405rg_stdperiph_lib.a(stm32f4xx_usart.o)
                0x080028e4                USART_DMACmd
 .text.USART_ITConfig
                0x0800292c       0x90 /home/bj/workspace/eclipse/stm32/stm32f405rg_stdperiph_lib/Debug/libstm32f405rg_stdperiph_lib.a(stm32f4xx_usart.o)
                0x0800292c                USART_ITConfig
 .text.__errno  0x080029bc        0xc /home/bj/.p2/pool/plugins/fr.ac6.mcu.externaltools.arm-none.linux64_1.12.0.201611241417/tools/compiler/bin/../lib/gcc/arm-none-eabi/5.4.1/../../../../arm-none-eabi/lib/armv7e-m/fpu/libc.a(lib_a-errno.o)
                0x080029bc                __errno
 .text.__libc_init_array
                0x080029c8       0x50 /home/bj/.p2/pool/plugins/fr.ac6.mcu.externaltools.arm-none.linux64_1.12.0.201611241417/tools/compiler/bin/../lib/gcc/arm-none-eabi/5.4.1/../../../../arm-none-eabi/lib/armv7e-m/fpu/libc.a(lib_a-init.o)
                0x080029c8                __libc_init_array
 .text.malloc   0x08002a18       0x10 /home/bj/.p2/pool/plugins/fr.ac6.mcu.externaltools.arm-none.linux64_1.12.0.201611241417/tools/compiler/bin/../lib/gcc/arm-none-eabi/5.4.1/../../../../arm-none-eabi/lib/armv7e-m/fpu/libc.a(lib_a-malloc.o)
                0x08002a18                malloc
 .text.free     0x08002a28       0x10 /home/bj/.p2/pool/plugins/fr.ac6.mcu.externaltools.arm-none.linux64_1.12.0.201611241417/tools/compiler/bin/../lib/gcc/arm-none-eabi/5.4.1/../../../../arm-none-eabi/lib/armv7e-m/fpu/libc.a(lib_a-malloc.o)
                0x08002a28                free
 .text._malloc_r
                0x08002a38      0x570 /home/bj/.p2/pool/plugins/fr.ac6.mcu.externaltools.arm-none.linux64_1.12.0.201611241417/tools/compiler/bin/../lib/gcc/arm-none-eabi/5.4.1/../../../../arm-none-eabi/lib/armv7e-m/fpu/libc.a(lib_a-mallocr.o)
                0x08002a38                _malloc_r
 .text.__malloc_lock
                0x08002fa8        0x4 /home/bj/.p2/pool/plugins/fr.ac6.mcu.externaltools.arm-none.linux64_1.12.0.201611241417/tools/compiler/bin/../lib/gcc/arm-none-eabi/5.4.1/../../../../arm-none-eabi/lib/armv7e-m/fpu/libc.a(lib_a-mlock.o)
                0x08002fa8                __malloc_lock
 .text.__malloc_unlock
                0x08002fac        0x4 /home/bj/.p2/pool/plugins/fr.ac6.mcu.externaltools.arm-none.linux64_1.12.0.201611241417/tools/compiler/bin/../lib/gcc/arm-none-eabi/5.4.1/../../../../arm-none-eabi/lib/armv7e-m/fpu/libc.a(lib_a-mlock.o)
                0x08002fac                __malloc_unlock
 .text._sbrk_r  0x08002fb0       0x24 /home/bj/.p2/pool/plugins/fr.ac6.mcu.externaltools.arm-none.linux64_1.12.0.201611241417/tools/compiler/bin/../lib/gcc/arm-none-eabi/5.4.1/../../../../arm-none-eabi/lib/armv7e-m/fpu/libc.a(lib_a-sbrkr.o)
                0x08002fb0                _sbrk_r
 .text.startup.register_fini
                0x08002fd4       0x14 /home/bj/.p2/pool/plugins/fr.ac6.mcu.externaltools.arm-none.linux64_1.12.0.201611241417/tools/compiler/bin/../lib/gcc/arm-none-eabi/5.4.1/../../../../arm-none-eabi/lib/armv7e-m/fpu/libc.a(lib_a-__call_atexit.o)
 .text.atexit   0x08002fe8        0xc /home/bj/.p2/pool/plugins/fr.ac6.mcu.externaltools.arm-none.linux64_1.12.0.201611241417/tools/compiler/bin/../lib/gcc/arm-none-eabi/5.4.1/../../../../arm-none-eabi/lib/armv7e-m/fpu/libc.a(lib_a-atexit.o)
                0x08002fe8                atexit
 .text.__libc_fini_array
                0x08002ff4       0x28 /home/bj/.p2/pool/plugins/fr.ac6.mcu.externaltools.arm-none.linux64_1.12.0.201611241417/tools/compiler/bin/../lib/gcc/arm-none-eabi/5.4.1/../../../../arm-none-eabi/lib/armv7e-m/fpu/libc.a(lib_a-fini.o)
                0x08002ff4                __libc_fini_array
 .text._malloc_trim_r
                0x0800301c       0x9c /home/bj/.p2/pool/plugins/fr.ac6.mcu.externaltools.arm-none.linux64_1.12.0.201611241417/tools/compiler/bin/../lib/gcc/arm-none-eabi/5.4.1/../../../../arm-none-eabi/lib/armv7e-m/fpu/libc.a(lib_a-freer.o)
                0x0800301c                _malloc_trim_r
 .text._free_r  0x080030b8      0x1d0 /home/bj/.p2/pool/plugins/fr.ac6.mcu.externaltools.arm-none.linux64_1.12.0.201611241417/tools/compiler/bin/../lib/gcc/arm-none-eabi/5.4.1/../../../../arm-none-eabi/lib/armv7e-m/fpu/libc.a(lib_a-freer.o)
                0x080030b8                _free_r
 .text.__register_exitproc
                0x08003288       0xa4 /home/bj/.p2/pool/plugins/fr.ac6.mcu.externaltools.arm-none.linux64_1.12.0.201611241417/tools/compiler/bin/../lib/gcc/arm-none-eabi/5.4.1/../../../../arm-none-eabi/lib/armv7e-m/fpu/libc.a(lib_a-__atexit.o)
                0x08003288                __register_exitproc
 *(.glue_7)
 .glue_7        0x0800332c        0x0 linker stubs
 *(.glue_7t)
 .glue_7t       0x0800332c        0x0 linker stubs
 *(.eh_frame)
 .eh_frame      0x0800332c        0x0 /home/bj/.p2/pool/plugins/fr.ac6.mcu.externaltools.arm-none.linux64_1.12.0.201611241417/tools/compiler/bin/../lib/gcc/arm-none-eabi/5.4.1/armv7e-m/fpu/crtbegin.o
 *(.init)
 .init          0x0800332c        0x4 /home/bj/.p2/pool/plugins/fr.ac6.mcu.externaltools.arm-none.linux64_1.12.0.201611241417/tools/compiler/bin/../lib/gcc/arm-none-eabi/5.4.1/armv7e-m/fpu/crti.o
                0x0800332c                _init
 .init          0x08003330        0x8 /home/bj/.p2/pool/plugins/fr.ac6.mcu.externaltools.arm-none.linux64_1.12.0.201611241417/tools/compiler/bin/../lib/gcc/arm-none-eabi/5.4.1/armv7e-m/fpu/crtn.o
 *(.fini)
 .fini          0x08003338        0x4 /home/bj/.p2/pool/plugins/fr.ac6.mcu.externaltools.arm-none.linux64_1.12.0.201611241417/tools/compiler/bin/../lib/gcc/arm-none-eabi/5.4.1/armv7e-m/fpu/crti.o
                0x08003338                _fini
 .fini          0x0800333c        0x8 /home/bj/.p2/pool/plugins/fr.ac6.mcu.externaltools.arm-none.linux64_1.12.0.201611241417/tools/compiler/bin/../lib/gcc/arm-none-eabi/5.4.1/armv7e-m/fpu/crtn.o
                0x08003344                . = ALIGN (0x4)
                0x08003344                _etext = .

.vfp11_veneer   0x08003344        0x0
 .vfp11_veneer  0x08003344        0x0 linker stubs

.v4_bx          0x08003344        0x0
 .v4_bx         0x08003344        0x0 linker stubs

.iplt           0x08003344        0x0
 .iplt          0x08003344        0x0 /home/bj/.p2/pool/plugins/fr.ac6.mcu.externaltools.arm-none.linux64_1.12.0.201611241417/tools/compiler/bin/../lib/gcc/arm-none-eabi/5.4.1/armv7e-m/fpu/crtbegin.o

.rodata         0x08003344      0x20c
                0x08003344                . = ALIGN (0x4)
 *(.rodata)
 .rodata        0x08003344      0x202 src/crc16.o
                0x08003344                CRC16Table
                0x08003544                INIT_CRC16
 *(.rodata*)
 *fill*         0x08003546        0x2 
 .rodata.str1.4
                0x08003548        0x4 /home/bj/.p2/pool/plugins/fr.ac6.mcu.externaltools.arm-none.linux64_1.12.0.201611241417/tools/compiler/bin/../lib/gcc/arm-none-eabi/5.4.1/../../../../arm-none-eabi/lib/armv7e-m/fpu/libc.a(lib_a-impure.o)
                                  0x2 (size before relaxing)
 .rodata._global_impure_ptr
                0x0800354c        0x4 /home/bj/.p2/pool/plugins/fr.ac6.mcu.externaltools.arm-none.linux64_1.12.0.201611241417/tools/compiler/bin/../lib/gcc/arm-none-eabi/5.4.1/../../../../arm-none-eabi/lib/armv7e-m/fpu/libc.a(lib_a-impure.o)
                0x0800354c                _global_impure_ptr
                0x08003550                . = ALIGN (0x4)

.rel.dyn        0x08003550        0x0
 .rel.iplt      0x08003550        0x0 /home/bj/.p2/pool/plugins/fr.ac6.mcu.externaltools.arm-none.linux64_1.12.0.201611241417/tools/compiler/bin/../lib/gcc/arm-none-eabi/5.4.1/armv7e-m/fpu/crtbegin.o

.ARM.extab      0x08003550        0x0
                0x08003550                . = ALIGN (0x4)
 *(.ARM.extab* .gnu.linkonce.armextab.*)
                0x08003550                . = ALIGN (0x4)

.ARM            0x08003550        0x0
                0x08003550                . = ALIGN (0x4)
                0x08003550                __exidx_start = .
 *(.ARM.exidx*)
                0x08003550                __exidx_end = .
                0x08003550                . = ALIGN (0x4)

.preinit_array  0x08003550        0x0
                0x08003550                . = ALIGN (0x4)
                0x08003550                PROVIDE (__preinit_array_start, .)
 *(.preinit_array*)
                0x08003550                PROVIDE (__preinit_array_end, .)
                0x08003550                . = ALIGN (0x4)

.init_array     0x08003550        0x8
                0x08003550                . = ALIGN (0x4)
                0x08003550                PROVIDE (__init_array_start, .)
 *(SORT(.init_array.*))
 .init_array.00000
                0x08003550        0x4 /home/bj/.p2/pool/plugins/fr.ac6.mcu.externaltools.arm-none.linux64_1.12.0.201611241417/tools/compiler/bin/../lib/gcc/arm-none-eabi/5.4.1/../../../../arm-none-eabi/lib/armv7e-m/fpu/libc.a(lib_a-__call_atexit.o)
 *(.init_array*)
 .init_array    0x08003554        0x4 /home/bj/.p2/pool/plugins/fr.ac6.mcu.externaltools.arm-none.linux64_1.12.0.201611241417/tools/compiler/bin/../lib/gcc/arm-none-eabi/5.4.1/armv7e-m/fpu/crtbegin.o
                0x08003558                PROVIDE (__init_array_end, .)
                0x08003558                . = ALIGN (0x4)

.fini_array     0x08003558        0x4
                0x08003558                . = ALIGN (0x4)
                0x08003558                PROVIDE (__fini_array_start, .)
 *(SORT(.fini_array.*))
 *(.fini_array*)
 .fini_array    0x08003558        0x4 /home/bj/.p2/pool/plugins/fr.ac6.mcu.externaltools.arm-none.linux64_1.12.0.201611241417/tools/compiler/bin/../lib/gcc/arm-none-eabi/5.4.1/armv7e-m/fpu/crtbegin.o
                0x0800355c                PROVIDE (__fini_array_end, .)
                0x0800355c                . = ALIGN (0x4)
                0x0800355c                _sidata = LOADADDR (.data)

.data           0x20000000      0x84c load address 0x0800355c
                0x20000000                . = ALIGN (0x4)
                0x20000000                _sdata = .
 *(.data)
 .data          0x20000000       0x10 /home/bj/workspace/eclipse/stm32/stm32f405rg_stdperiph_lib/Debug/libstm32f405rg_stdperiph_lib.a(stm32f4xx_rcc.o)
 *(.data*)
 .data.impure_data
                0x20000010      0x428 /home/bj/.p2/pool/plugins/fr.ac6.mcu.externaltools.arm-none.linux64_1.12.0.201611241417/tools/compiler/bin/../lib/gcc/arm-none-eabi/5.4.1/../../../../arm-none-eabi/lib/armv7e-m/fpu/libc.a(lib_a-impure.o)
 .data._impure_ptr
                0x20000438        0x4 /home/bj/.p2/pool/plugins/fr.ac6.mcu.externaltools.arm-none.linux64_1.12.0.201611241417/tools/compiler/bin/../lib/gcc/arm-none-eabi/5.4.1/../../../../arm-none-eabi/lib/armv7e-m/fpu/libc.a(lib_a-impure.o)
                0x20000438                _impure_ptr
 .data.__malloc_av_
                0x2000043c      0x408 /home/bj/.p2/pool/plugins/fr.ac6.mcu.externaltools.arm-none.linux64_1.12.0.201611241417/tools/compiler/bin/../lib/gcc/arm-none-eabi/5.4.1/../../../../arm-none-eabi/lib/armv7e-m/fpu/libc.a(lib_a-mallocr.o)
                0x2000043c                __malloc_av_
 .data.__malloc_trim_threshold
                0x20000844        0x4 /home/bj/.p2/pool/plugins/fr.ac6.mcu.externaltools.arm-none.linux64_1.12.0.201611241417/tools/compiler/bin/../lib/gcc/arm-none-eabi/5.4.1/../../../../arm-none-eabi/lib/armv7e-m/fpu/libc.a(lib_a-mallocr.o)
                0x20000844                __malloc_trim_threshold
 .data.__malloc_sbrk_base
                0x20000848        0x4 /home/bj/.p2/pool/plugins/fr.ac6.mcu.externaltools.arm-none.linux64_1.12.0.201611241417/tools/compiler/bin/../lib/gcc/arm-none-eabi/5.4.1/../../../../arm-none-eabi/lib/armv7e-m/fpu/libc.a(lib_a-mallocr.o)
                0x20000848                __malloc_sbrk_base
                0x2000084c                . = ALIGN (0x4)
                0x2000084c                _edata = .

.jcr            0x2000084c        0x0 load address 0x08003da8
 .jcr           0x2000084c        0x0 /home/bj/.p2/pool/plugins/fr.ac6.mcu.externaltools.arm-none.linux64_1.12.0.201611241417/tools/compiler/bin/../lib/gcc/arm-none-eabi/5.4.1/armv7e-m/fpu/crtbegin.o

.igot.plt       0x2000084c        0x0 load address 0x08003da8
 .igot.plt      0x2000084c        0x0 /home/bj/.p2/pool/plugins/fr.ac6.mcu.externaltools.arm-none.linux64_1.12.0.201611241417/tools/compiler/bin/../lib/gcc/arm-none-eabi/5.4.1/armv7e-m/fpu/crtbegin.o
                0x2000084c                . = ALIGN (0x4)

.bss            0x2000084c      0x310 load address 0x08003da8
                0x2000084c                _sbss = .
                0x2000084c                __bss_start__ = _sbss
 *(.bss)
 .bss           0x2000084c       0x1c /home/bj/.p2/pool/plugins/fr.ac6.mcu.externaltools.arm-none.linux64_1.12.0.201611241417/tools/compiler/bin/../lib/gcc/arm-none-eabi/5.4.1/armv7e-m/fpu/crtbegin.o
 .bss           0x20000868      0x240 src/can2_task.o
                0x20000868                CM1Encoder
                0x200008c8                CM2Encoder
                0x20000928                CM3Encoder
                0x20000988                CM4Encoder
                0x200009e8                GMYEncoder
                0x20000a48                GMPEncoder
 .bss           0x20000aa8        0x8 src/syscalls.o
                0x20000aa8                __env
 .bss           0x20000ab0        0x4 src/usart3.o
                0x20000ab0                usart3_tx_fifo
 *(.bss*)
 .bss.__malloc_max_total_mem
                0x20000ab4        0x4 /home/bj/.p2/pool/plugins/fr.ac6.mcu.externaltools.arm-none.linux64_1.12.0.201611241417/tools/compiler/bin/../lib/gcc/arm-none-eabi/5.4.1/../../../../arm-none-eabi/lib/armv7e-m/fpu/libc.a(lib_a-mallocr.o)
                0x20000ab4                __malloc_max_total_mem
 .bss.__malloc_max_sbrked_mem
                0x20000ab8        0x4 /home/bj/.p2/pool/plugins/fr.ac6.mcu.externaltools.arm-none.linux64_1.12.0.201611241417/tools/compiler/bin/../lib/gcc/arm-none-eabi/5.4.1/../../../../arm-none-eabi/lib/armv7e-m/fpu/libc.a(lib_a-mallocr.o)
                0x20000ab8                __malloc_max_sbrked_mem
 .bss.__malloc_top_pad
                0x20000abc        0x4 /home/bj/.p2/pool/plugins/fr.ac6.mcu.externaltools.arm-none.linux64_1.12.0.201611241417/tools/compiler/bin/../lib/gcc/arm-none-eabi/5.4.1/../../../../arm-none-eabi/lib/armv7e-m/fpu/libc.a(lib_a-mallocr.o)
                0x20000abc                __malloc_top_pad
 .bss.__malloc_current_mallinfo
                0x20000ac0       0x28 /home/bj/.p2/pool/plugins/fr.ac6.mcu.externaltools.arm-none.linux64_1.12.0.201611241417/tools/compiler/bin/../lib/gcc/arm-none-eabi/5.4.1/../../../../arm-none-eabi/lib/armv7e-m/fpu/libc.a(lib_a-mallocr.o)
                0x20000ac0                __malloc_current_mallinfo
 *(COMMON)
 COMMON         0x20000ae8       0x10 src/odom_task.o
                0x20000ae8                odom
 COMMON         0x20000af8       0x60 src/usart1.o
                0x20000af8                dbus
                0x20000b10                usart1_dma_rx_buf
 COMMON         0x20000b58        0x4 /home/bj/.p2/pool/plugins/fr.ac6.mcu.externaltools.arm-none.linux64_1.12.0.201611241417/tools/compiler/bin/../lib/gcc/arm-none-eabi/5.4.1/../../../../arm-none-eabi/lib/armv7e-m/fpu/libc.a(lib_a-reent.o)
                0x20000b58                errno
                0x20000b5c                . = ALIGN (0x4)
                0x20000b5c                _ebss = .
                0x20000b5c                __bss_end__ = _ebss

._user_heap_stack
                0x20000b5c      0x404 load address 0x08003da8
                0x20000b60                . = ALIGN (0x8)
 *fill*         0x20000b5c        0x4 
                0x20000b60                PROVIDE (end, .)
                [!provide]                PROVIDE (_end, .)
                0x20000b60                . = (. + _Min_Heap_Size)
                0x20000f60                . = (. + _Min_Stack_Size)
 *fill*         0x20000b60      0x400 
                0x20000f60                . = ALIGN (0x8)

/DISCARD/
 libc.a(*)
 libm.a(*)
 libgcc.a(*)

.ARM.attributes
                0x00000000       0x30
 *(.ARM.attributes)
 .ARM.attributes
                0x00000000       0x22 /home/bj/.p2/pool/plugins/fr.ac6.mcu.externaltools.arm-none.linux64_1.12.0.201611241417/tools/compiler/bin/../lib/gcc/arm-none-eabi/5.4.1/armv7e-m/fpu/crti.o
 .ARM.attributes
                0x00000022       0x34 /home/bj/.p2/pool/plugins/fr.ac6.mcu.externaltools.arm-none.linux64_1.12.0.201611241417/tools/compiler/bin/../lib/gcc/arm-none-eabi/5.4.1/armv7e-m/fpu/crtbegin.o
 .ARM.attributes
                0x00000056       0x39 src/bsp.o
 .ARM.attributes
                0x0000008f       0x39 src/can1.o
 .ARM.attributes
                0x000000c8       0x39 src/can2.o
 .ARM.attributes
                0x00000101       0x39 src/can2_task.o
 .ARM.attributes
                0x0000013a       0x39 src/crc16.o
 .ARM.attributes
                0x00000173       0x39 src/fifo.o
 .ARM.attributes
                0x000001ac       0x39 src/led.o
 .ARM.attributes
                0x000001e5       0x39 src/main.o
 .ARM.attributes
                0x0000021e       0x39 src/mecanum.o
 .ARM.attributes
                0x00000257       0x39 src/odom_task.o
 .ARM.attributes
                0x00000290       0x39 src/pwm.o
 .ARM.attributes
                0x000002c9       0x39 src/quad_encoder.o
 .ARM.attributes
                0x00000302       0x39 src/syscalls.o
 .ARM.attributes
                0x0000033b       0x39 src/system_stm32f4xx.o
 .ARM.attributes
                0x00000374       0x39 src/timer.o
 .ARM.attributes
                0x000003ad       0x39 src/usart1.o
 .ARM.attributes
                0x000003e6       0x39 src/usart3.o
 .ARM.attributes
                0x0000041f       0x25 startup/startup_stm32.o
 .ARM.attributes
                0x00000444       0x39 /home/bj/workspace/eclipse/stm32/stm32f405rg_stdperiph_lib/Debug/libstm32f405rg_stdperiph_lib.a(misc.o)
 .ARM.attributes
                0x0000047d       0x39 /home/bj/workspace/eclipse/stm32/stm32f405rg_stdperiph_lib/Debug/libstm32f405rg_stdperiph_lib.a(stm32f4xx_can.o)
 .ARM.attributes
                0x000004b6       0x39 /home/bj/workspace/eclipse/stm32/stm32f405rg_stdperiph_lib/Debug/libstm32f405rg_stdperiph_lib.a(stm32f4xx_dma.o)
 .ARM.attributes
                0x000004ef       0x39 /home/bj/workspace/eclipse/stm32/stm32f405rg_stdperiph_lib/Debug/libstm32f405rg_stdperiph_lib.a(stm32f4xx_gpio.o)
 .ARM.attributes
                0x00000528       0x39 /home/bj/workspace/eclipse/stm32/stm32f405rg_stdperiph_lib/Debug/libstm32f405rg_stdperiph_lib.a(stm32f4xx_rcc.o)
 .ARM.attributes
                0x00000561       0x39 /home/bj/workspace/eclipse/stm32/stm32f405rg_stdperiph_lib/Debug/libstm32f405rg_stdperiph_lib.a(stm32f4xx_tim.o)
 .ARM.attributes
                0x0000059a       0x39 /home/bj/workspace/eclipse/stm32/stm32f405rg_stdperiph_lib/Debug/libstm32f405rg_stdperiph_lib.a(stm32f4xx_usart.o)
 .ARM.attributes
                0x000005d3       0x34 /home/bj/.p2/pool/plugins/fr.ac6.mcu.externaltools.arm-none.linux64_1.12.0.201611241417/tools/compiler/bin/../lib/gcc/arm-none-eabi/5.4.1/../../../../arm-none-eabi/lib/armv7e-m/fpu/libc.a(lib_a-errno.o)
 .ARM.attributes
                0x00000607       0x34 /home/bj/.p2/pool/plugins/fr.ac6.mcu.externaltools.arm-none.linux64_1.12.0.201611241417/tools/compiler/bin/../lib/gcc/arm-none-eabi/5.4.1/../../../../arm-none-eabi/lib/armv7e-m/fpu/libc.a(lib_a-impure.o)
 .ARM.attributes
                0x0000063b       0x34 /home/bj/.p2/pool/plugins/fr.ac6.mcu.externaltools.arm-none.linux64_1.12.0.201611241417/tools/compiler/bin/../lib/gcc/arm-none-eabi/5.4.1/../../../../arm-none-eabi/lib/armv7e-m/fpu/libc.a(lib_a-init.o)
 .ARM.attributes
                0x0000066f       0x34 /home/bj/.p2/pool/plugins/fr.ac6.mcu.externaltools.arm-none.linux64_1.12.0.201611241417/tools/compiler/bin/../lib/gcc/arm-none-eabi/5.4.1/../../../../arm-none-eabi/lib/armv7e-m/fpu/libc.a(lib_a-malloc.o)
 .ARM.attributes
                0x000006a3       0x34 /home/bj/.p2/pool/plugins/fr.ac6.mcu.externaltools.arm-none.linux64_1.12.0.201611241417/tools/compiler/bin/../lib/gcc/arm-none-eabi/5.4.1/../../../../arm-none-eabi/lib/armv7e-m/fpu/libc.a(lib_a-mallocr.o)
 .ARM.attributes
                0x000006d7       0x34 /home/bj/.p2/pool/plugins/fr.ac6.mcu.externaltools.arm-none.linux64_1.12.0.201611241417/tools/compiler/bin/../lib/gcc/arm-none-eabi/5.4.1/../../../../arm-none-eabi/lib/armv7e-m/fpu/libc.a(lib_a-mlock.o)
 .ARM.attributes
                0x0000070b       0x34 /home/bj/.p2/pool/plugins/fr.ac6.mcu.externaltools.arm-none.linux64_1.12.0.201611241417/tools/compiler/bin/../lib/gcc/arm-none-eabi/5.4.1/../../../../arm-none-eabi/lib/armv7e-m/fpu/libc.a(lib_a-sbrkr.o)
 .ARM.attributes
                0x0000073f       0x34 /home/bj/.p2/pool/plugins/fr.ac6.mcu.externaltools.arm-none.linux64_1.12.0.201611241417/tools/compiler/bin/../lib/gcc/arm-none-eabi/5.4.1/../../../../arm-none-eabi/lib/armv7e-m/fpu/libc.a(lib_a-__call_atexit.o)
 .ARM.attributes
                0x00000773       0x34 /home/bj/.p2/pool/plugins/fr.ac6.mcu.externaltools.arm-none.linux64_1.12.0.201611241417/tools/compiler/bin/../lib/gcc/arm-none-eabi/5.4.1/../../../../arm-none-eabi/lib/armv7e-m/fpu/libc.a(lib_a-atexit.o)
 .ARM.attributes
                0x000007a7       0x34 /home/bj/.p2/pool/plugins/fr.ac6.mcu.externaltools.arm-none.linux64_1.12.0.201611241417/tools/compiler/bin/../lib/gcc/arm-none-eabi/5.4.1/../../../../arm-none-eabi/lib/armv7e-m/fpu/libc.a(lib_a-fini.o)
 .ARM.attributes
                0x000007db       0x34 /home/bj/.p2/pool/plugins/fr.ac6.mcu.externaltools.arm-none.linux64_1.12.0.201611241417/tools/compiler/bin/../lib/gcc/arm-none-eabi/5.4.1/../../../../arm-none-eabi/lib/armv7e-m/fpu/libc.a(lib_a-freer.o)
 .ARM.attributes
                0x0000080f       0x34 /home/bj/.p2/pool/plugins/fr.ac6.mcu.externaltools.arm-none.linux64_1.12.0.201611241417/tools/compiler/bin/../lib/gcc/arm-none-eabi/5.4.1/../../../../arm-none-eabi/lib/armv7e-m/fpu/libc.a(lib_a-reent.o)
 .ARM.attributes
                0x00000843       0x34 /home/bj/.p2/pool/plugins/fr.ac6.mcu.externaltools.arm-none.linux64_1.12.0.201611241417/tools/compiler/bin/../lib/gcc/arm-none-eabi/5.4.1/../../../../arm-none-eabi/lib/armv7e-m/fpu/libc.a(lib_a-__atexit.o)
 .ARM.attributes
                0x00000877       0x22 /home/bj/.p2/pool/plugins/fr.ac6.mcu.externaltools.arm-none.linux64_1.12.0.201611241417/tools/compiler/bin/../lib/gcc/arm-none-eabi/5.4.1/armv7e-m/fpu/crtn.o
OUTPUT(car.elf elf32-littlearm)

.debug_info     0x00000000     0xb588
 .debug_info    0x00000000      0x1ae src/bsp.o
 .debug_info    0x000001ae      0x9d9 src/can1.o
 .debug_info    0x00000b87      0x9d9 src/can2.o
 .debug_info    0x00001560      0x313 src/can2_task.o
 .debug_info    0x00001873      0x1c7 src/crc16.o
 .debug_info    0x00001a3a      0x51e src/fifo.o
 .debug_info    0x00001f58      0x2d9 src/led.o
 .debug_info    0x00002231      0x2ed src/main.o
 .debug_info    0x0000251e       0xd9 src/mecanum.o
 .debug_info    0x000025f7      0x34b src/odom_task.o
 .debug_info    0x00002942      0x5b6 src/pwm.o
 .debug_info    0x00002ef8      0x4d7 src/quad_encoder.o
 .debug_info    0x000033cf      0x6ca src/syscalls.o
 .debug_info    0x00003a99      0x611 src/system_stm32f4xx.o
 .debug_info    0x000040aa      0x678 src/timer.o
 .debug_info    0x00004722      0x9da src/usart1.o
 .debug_info    0x000050fc     0x1107 src/usart3.o
 .debug_info    0x00006203       0x6a startup/startup_stm32.o
 .debug_info    0x0000626d      0x55e /home/bj/workspace/eclipse/stm32/stm32f405rg_stdperiph_lib/Debug/libstm32f405rg_stdperiph_lib.a(misc.o)
 .debug_info    0x000067cb      0xbac /home/bj/workspace/eclipse/stm32/stm32f405rg_stdperiph_lib/Debug/libstm32f405rg_stdperiph_lib.a(stm32f4xx_can.o)
 .debug_info    0x00007377      0x749 /home/bj/workspace/eclipse/stm32/stm32f405rg_stdperiph_lib/Debug/libstm32f405rg_stdperiph_lib.a(stm32f4xx_dma.o)
 .debug_info    0x00007ac0      0x625 /home/bj/workspace/eclipse/stm32/stm32f405rg_stdperiph_lib/Debug/libstm32f405rg_stdperiph_lib.a(stm32f4xx_gpio.o)
 .debug_info    0x000080e5      0xe60 /home/bj/workspace/eclipse/stm32/stm32f405rg_stdperiph_lib/Debug/libstm32f405rg_stdperiph_lib.a(stm32f4xx_rcc.o)
 .debug_info    0x00008f45     0x1c71 /home/bj/workspace/eclipse/stm32/stm32f405rg_stdperiph_lib/Debug/libstm32f405rg_stdperiph_lib.a(stm32f4xx_tim.o)
 .debug_info    0x0000abb6      0x9d2 /home/bj/workspace/eclipse/stm32/stm32f405rg_stdperiph_lib/Debug/libstm32f405rg_stdperiph_lib.a(stm32f4xx_usart.o)

.debug_abbrev   0x00000000     0x1ef7
 .debug_abbrev  0x00000000       0xb4 src/bsp.o
 .debug_abbrev  0x000000b4      0x19d src/can1.o
 .debug_abbrev  0x00000251      0x19d src/can2.o
 .debug_abbrev  0x000003ee       0xe9 src/can2_task.o
 .debug_abbrev  0x000004d7       0xc3 src/crc16.o
 .debug_abbrev  0x0000059a      0x117 src/fifo.o
 .debug_abbrev  0x000006b1      0x108 src/led.o
 .debug_abbrev  0x000007b9       0xa4 src/main.o
 .debug_abbrev  0x0000085d       0x95 src/mecanum.o
 .debug_abbrev  0x000008f2      0x113 src/odom_task.o
 .debug_abbrev  0x00000a05      0x117 src/pwm.o
 .debug_abbrev  0x00000b1c      0x108 src/quad_encoder.o
 .debug_abbrev  0x00000c24      0x177 src/syscalls.o
 .debug_abbrev  0x00000d9b      0x13d src/system_stm32f4xx.o
 .debug_abbrev  0x00000ed8      0x131 src/timer.o
 .debug_abbrev  0x00001009      0x18e src/usart1.o
 .debug_abbrev  0x00001197      0x255 src/usart3.o
 .debug_abbrev  0x000013ec       0x12 startup/startup_stm32.o
 .debug_abbrev  0x000013fe      0x14c /home/bj/workspace/eclipse/stm32/stm32f405rg_stdperiph_lib/Debug/libstm32f405rg_stdperiph_lib.a(misc.o)
 .debug_abbrev  0x0000154a      0x1fa /home/bj/workspace/eclipse/stm32/stm32f405rg_stdperiph_lib/Debug/libstm32f405rg_stdperiph_lib.a(stm32f4xx_can.o)
 .debug_abbrev  0x00001744      0x15c /home/bj/workspace/eclipse/stm32/stm32f405rg_stdperiph_lib/Debug/libstm32f405rg_stdperiph_lib.a(stm32f4xx_dma.o)
 .debug_abbrev  0x000018a0      0x1ac /home/bj/workspace/eclipse/stm32/stm32f405rg_stdperiph_lib/Debug/libstm32f405rg_stdperiph_lib.a(stm32f4xx_gpio.o)
 .debug_abbrev  0x00001a4c      0x1c1 /home/bj/workspace/eclipse/stm32/stm32f405rg_stdperiph_lib/Debug/libstm32f405rg_stdperiph_lib.a(stm32f4xx_rcc.o)
 .debug_abbrev  0x00001c0d      0x18e /home/bj/workspace/eclipse/stm32/stm32f405rg_stdperiph_lib/Debug/libstm32f405rg_stdperiph_lib.a(stm32f4xx_tim.o)
 .debug_abbrev  0x00001d9b      0x15c /home/bj/workspace/eclipse/stm32/stm32f405rg_stdperiph_lib/Debug/libstm32f405rg_stdperiph_lib.a(stm32f4xx_usart.o)

.debug_aranges  0x00000000      0xbd8
 .debug_aranges
                0x00000000       0x20 src/bsp.o
 .debug_aranges
                0x00000020       0x30 src/can1.o
 .debug_aranges
                0x00000050       0x30 src/can2.o
 .debug_aranges
                0x00000080       0x20 src/can2_task.o
 .debug_aranges
                0x000000a0       0x30 src/crc16.o
 .debug_aranges
                0x000000d0       0x80 src/fifo.o
 .debug_aranges
                0x00000150       0x20 src/led.o
 .debug_aranges
                0x00000170       0x20 src/main.o
 .debug_aranges
                0x00000190       0x28 src/mecanum.o
 .debug_aranges
                0x000001b8       0x20 src/odom_task.o
 .debug_aranges
                0x000001d8       0x20 src/pwm.o
 .debug_aranges
                0x000001f8       0x20 src/quad_encoder.o
 .debug_aranges
                0x00000218       0xb0 src/syscalls.o
 .debug_aranges
                0x000002c8       0x30 src/system_stm32f4xx.o
 .debug_aranges
                0x000002f8       0x40 src/timer.o
 .debug_aranges
                0x00000338       0x28 src/usart1.o
 .debug_aranges
                0x00000360       0x40 src/usart3.o
 .debug_aranges
                0x000003a0       0x28 startup/startup_stm32.o
 .debug_aranges
                0x000003c8       0x40 /home/bj/workspace/eclipse/stm32/stm32f405rg_stdperiph_lib/Debug/libstm32f405rg_stdperiph_lib.a(misc.o)
 .debug_aranges
                0x00000408       0xe0 /home/bj/workspace/eclipse/stm32/stm32f405rg_stdperiph_lib/Debug/libstm32f405rg_stdperiph_lib.a(stm32f4xx_can.o)
 .debug_aranges
                0x000004e8       0xb0 /home/bj/workspace/eclipse/stm32/stm32f405rg_stdperiph_lib/Debug/libstm32f405rg_stdperiph_lib.a(stm32f4xx_dma.o)
 .debug_aranges
                0x00000598       0x88 /home/bj/workspace/eclipse/stm32/stm32f405rg_stdperiph_lib/Debug/libstm32f405rg_stdperiph_lib.a(stm32f4xx_gpio.o)
 .debug_aranges
                0x00000620      0x1c0 /home/bj/workspace/eclipse/stm32/stm32f405rg_stdperiph_lib/Debug/libstm32f405rg_stdperiph_lib.a(stm32f4xx_rcc.o)
 .debug_aranges
                0x000007e0      0x2f8 /home/bj/workspace/eclipse/stm32/stm32f405rg_stdperiph_lib/Debug/libstm32f405rg_stdperiph_lib.a(stm32f4xx_tim.o)
 .debug_aranges
                0x00000ad8      0x100 /home/bj/workspace/eclipse/stm32/stm32f405rg_stdperiph_lib/Debug/libstm32f405rg_stdperiph_lib.a(stm32f4xx_usart.o)

.debug_ranges   0x00000000      0xa50
 .debug_ranges  0x00000000       0x10 src/bsp.o
 .debug_ranges  0x00000010       0x20 src/can1.o
 .debug_ranges  0x00000030       0x20 src/can2.o
 .debug_ranges  0x00000050       0x10 src/can2_task.o
 .debug_ranges  0x00000060       0x20 src/crc16.o
 .debug_ranges  0x00000080       0x70 src/fifo.o
 .debug_ranges  0x000000f0       0x10 src/led.o
 .debug_ranges  0x00000100       0x10 src/main.o
 .debug_ranges  0x00000110       0x18 src/mecanum.o
 .debug_ranges  0x00000128       0x10 src/odom_task.o
 .debug_ranges  0x00000138       0x10 src/pwm.o
 .debug_ranges  0x00000148       0x10 src/quad_encoder.o
 .debug_ranges  0x00000158       0xa0 src/syscalls.o
 .debug_ranges  0x000001f8       0x20 src/system_stm32f4xx.o
 .debug_ranges  0x00000218       0x30 src/timer.o
 .debug_ranges  0x00000248       0x18 src/usart1.o
 .debug_ranges  0x00000260       0x30 src/usart3.o
 .debug_ranges  0x00000290       0x20 startup/startup_stm32.o
 .debug_ranges  0x000002b0       0x30 /home/bj/workspace/eclipse/stm32/stm32f405rg_stdperiph_lib/Debug/libstm32f405rg_stdperiph_lib.a(misc.o)
 .debug_ranges  0x000002e0       0xd0 /home/bj/workspace/eclipse/stm32/stm32f405rg_stdperiph_lib/Debug/libstm32f405rg_stdperiph_lib.a(stm32f4xx_can.o)
 .debug_ranges  0x000003b0       0xa0 /home/bj/workspace/eclipse/stm32/stm32f405rg_stdperiph_lib/Debug/libstm32f405rg_stdperiph_lib.a(stm32f4xx_dma.o)
 .debug_ranges  0x00000450       0x78 /home/bj/workspace/eclipse/stm32/stm32f405rg_stdperiph_lib/Debug/libstm32f405rg_stdperiph_lib.a(stm32f4xx_gpio.o)
 .debug_ranges  0x000004c8      0x1b0 /home/bj/workspace/eclipse/stm32/stm32f405rg_stdperiph_lib/Debug/libstm32f405rg_stdperiph_lib.a(stm32f4xx_rcc.o)
 .debug_ranges  0x00000678      0x2e8 /home/bj/workspace/eclipse/stm32/stm32f405rg_stdperiph_lib/Debug/libstm32f405rg_stdperiph_lib.a(stm32f4xx_tim.o)
 .debug_ranges  0x00000960       0xf0 /home/bj/workspace/eclipse/stm32/stm32f405rg_stdperiph_lib/Debug/libstm32f405rg_stdperiph_lib.a(stm32f4xx_usart.o)

.debug_macro    0x00000000    0x168fd
 .debug_macro   0x00000000      0x3b0 src/bsp.o
 .debug_macro   0x000003b0      0x8aa src/bsp.o
 .debug_macro   0x00000c5a       0x6b src/bsp.o
 .debug_macro   0x00000cc5       0x3b src/bsp.o
 .debug_macro   0x00000d00       0x22 src/bsp.o
 .debug_macro   0x00000d22       0x87 src/bsp.o
 .debug_macro   0x00000da9       0x44 src/bsp.o
 .debug_macro   0x00000ded       0xfd src/bsp.o
 .debug_macro   0x00000eea       0x5e src/bsp.o
 .debug_macro   0x00000f48      0x1df src/bsp.o
 .debug_macro   0x00001127       0x34 src/bsp.o
 .debug_macro   0x0000115b       0x26 src/bsp.o
 .debug_macro   0x00001181      0xe43 src/bsp.o
 .debug_macro   0x00001fc4     0x91ad src/bsp.o
 .debug_macro   0x0000b171      0x3c9 src/bsp.o
 .debug_macro   0x0000b53a      0x477 src/bsp.o
 .debug_macro   0x0000b9b1       0xb5 src/bsp.o
 .debug_macro   0x0000ba66      0x2fb src/bsp.o
 .debug_macro   0x0000bd61      0x65f src/bsp.o
 .debug_macro   0x0000c3c0      0x114 src/bsp.o
 .debug_macro   0x0000c4d4      0x73b src/bsp.o
 .debug_macro   0x0000cc0f      0x223 src/bsp.o
 .debug_macro   0x0000ce32       0x82 src/bsp.o
 .debug_macro   0x0000ceb4       0x35 src/bsp.o
 .debug_macro   0x0000cee9       0x52 src/bsp.o
 .debug_macro   0x0000cf3b       0x35 src/bsp.o
 .debug_macro   0x0000cf70       0x9c src/bsp.o
 .debug_macro   0x0000d00c       0x16 src/bsp.o
 .debug_macro   0x0000d022       0x97 src/bsp.o
 .debug_macro   0x0000d0b9      0x30d src/bsp.o
 .debug_macro   0x0000d3c6       0xfd src/bsp.o
 .debug_macro   0x0000d4c3       0x10 src/bsp.o
 .debug_macro   0x0000d4d3       0x52 src/bsp.o
 .debug_macro   0x0000d525       0x1f src/bsp.o
 .debug_macro   0x0000d544       0x43 src/bsp.o
 .debug_macro   0x0000d587       0x20 src/bsp.o
 .debug_macro   0x0000d5a7      0x187 src/bsp.o
 .debug_macro   0x0000d72e       0x10 src/bsp.o
 .debug_macro   0x0000d73e       0x1c src/bsp.o
 .debug_macro   0x0000d75a       0x52 src/bsp.o
 .debug_macro   0x0000d7ac       0x40 src/bsp.o
 .debug_macro   0x0000d7ec       0x10 src/bsp.o
 .debug_macro   0x0000d7fc       0x40 src/bsp.o
 .debug_macro   0x0000d83c       0xd7 src/bsp.o
 .debug_macro   0x0000d913       0x16 src/bsp.o
 .debug_macro   0x0000d929      0x189 src/bsp.o
 .debug_macro   0x0000dab2      0x1e1 src/bsp.o
 .debug_macro   0x0000dc93       0x16 src/bsp.o
 .debug_macro   0x0000dca9       0x35 src/bsp.o
 .debug_macro   0x0000dcde       0x52 src/bsp.o
 .debug_macro   0x0000dd30       0x82 src/bsp.o
 .debug_macro   0x0000ddb2       0x22 src/bsp.o
 .debug_macro   0x0000ddd4       0x16 src/bsp.o
 .debug_macro   0x0000ddea       0x16 src/bsp.o
 .debug_macro   0x0000de00       0x29 src/bsp.o
 .debug_macro   0x0000de29       0x2e src/bsp.o
 .debug_macro   0x0000de57       0x22 src/bsp.o
 .debug_macro   0x0000de79       0x40 src/bsp.o
 .debug_macro   0x0000deb9       0x64 src/bsp.o
 .debug_macro   0x0000df1d       0x22 src/bsp.o
 .debug_macro   0x0000df3f       0x16 src/bsp.o
 .debug_macro   0x0000df55       0x10 src/bsp.o
 .debug_macro   0x0000df65       0x16 src/bsp.o
 .debug_macro   0x0000df7b       0x10 src/bsp.o
 .debug_macro   0x0000df8b       0x10 src/bsp.o
 .debug_macro   0x0000df9b       0x82 src/bsp.o
 .debug_macro   0x0000e01d       0x34 src/bsp.o
 .debug_macro   0x0000e051       0x1c src/bsp.o
 .debug_macro   0x0000e06d       0x10 src/bsp.o
 .debug_macro   0x0000e07d      0x3b0 src/can1.o
 .debug_macro   0x0000e42d      0x3b0 src/can2.o
 .debug_macro   0x0000e7dd      0x3b0 src/can2_task.o
 .debug_macro   0x0000eb8d       0x6d src/crc16.o
 .debug_macro   0x0000ebfa      0x149 src/fifo.o
 .debug_macro   0x0000ed43      0x10e src/fifo.o
 .debug_macro   0x0000ee51       0x8d src/fifo.o
 .debug_macro   0x0000eede      0x3b0 src/led.o
 .debug_macro   0x0000f28e      0x3b0 src/main.o
 .debug_macro   0x0000f63e       0x1a src/mecanum.o
 .debug_macro   0x0000f658      0x3b0 src/odom_task.o
 .debug_macro   0x0000fa08      0x3b0 src/pwm.o
 .debug_macro   0x0000fdb8      0x3b0 src/quad_encoder.o
 .debug_macro   0x00010168      0x222 src/syscalls.o
 .debug_macro   0x0001038a       0x4c src/syscalls.o
 .debug_macro   0x000103d6       0x8d src/syscalls.o
 .debug_macro   0x00010463       0x4a src/syscalls.o
 .debug_macro   0x000104ad      0x174 src/syscalls.o
 .debug_macro   0x00010621       0x10 src/syscalls.o
 .debug_macro   0x00010631       0x10 src/syscalls.o
 .debug_macro   0x00010641       0x10 src/syscalls.o
 .debug_macro   0x00010651       0x35 src/syscalls.o
 .debug_macro   0x00010686      0x122 src/syscalls.o
 .debug_macro   0x000107a8       0x10 src/syscalls.o
 .debug_macro   0x000107b8      0x241 src/syscalls.o
 .debug_macro   0x000109f9       0x1c src/syscalls.o
 .debug_macro   0x00010a15      0x159 src/syscalls.o
 .debug_macro   0x00010b6e       0x16 src/syscalls.o
 .debug_macro   0x00010b84       0x88 src/syscalls.o
 .debug_macro   0x00010c0c      0x140 src/system_stm32f4xx.o
 .debug_macro   0x00010d4c      0x3b0 src/timer.o
 .debug_macro   0x000110fc      0x3b0 src/usart1.o
 .debug_macro   0x000114ac      0x3b0 src/usart3.o
 .debug_macro   0x0001185c      0x1be /home/bj/workspace/eclipse/stm32/stm32f405rg_stdperiph_lib/Debug/libstm32f405rg_stdperiph_lib.a(misc.o)
 .debug_macro   0x00011a1a      0x8a4 /home/bj/workspace/eclipse/stm32/stm32f405rg_stdperiph_lib/Debug/libstm32f405rg_stdperiph_lib.a(misc.o)
 .debug_macro   0x000122be      0x44f /home/bj/workspace/eclipse/stm32/stm32f405rg_stdperiph_lib/Debug/libstm32f405rg_stdperiph_lib.a(misc.o)
 .debug_macro   0x0001270d       0xb2 /home/bj/workspace/eclipse/stm32/stm32f405rg_stdperiph_lib/Debug/libstm32f405rg_stdperiph_lib.a(misc.o)
 .debug_macro   0x000127bf      0x41c /home/bj/workspace/eclipse/stm32/stm32f405rg_stdperiph_lib/Debug/libstm32f405rg_stdperiph_lib.a(misc.o)
 .debug_macro   0x00012bdb      0x2ba /home/bj/workspace/eclipse/stm32/stm32f405rg_stdperiph_lib/Debug/libstm32f405rg_stdperiph_lib.a(misc.o)
 .debug_macro   0x00012e95       0x64 /home/bj/workspace/eclipse/stm32/stm32f405rg_stdperiph_lib/Debug/libstm32f405rg_stdperiph_lib.a(misc.o)
 .debug_macro   0x00012ef9       0xee /home/bj/workspace/eclipse/stm32/stm32f405rg_stdperiph_lib/Debug/libstm32f405rg_stdperiph_lib.a(misc.o)
 .debug_macro   0x00012fe7      0x59e /home/bj/workspace/eclipse/stm32/stm32f405rg_stdperiph_lib/Debug/libstm32f405rg_stdperiph_lib.a(misc.o)
 .debug_macro   0x00013585      0x342 /home/bj/workspace/eclipse/stm32/stm32f405rg_stdperiph_lib/Debug/libstm32f405rg_stdperiph_lib.a(misc.o)
 .debug_macro   0x000138c7      0x36c /home/bj/workspace/eclipse/stm32/stm32f405rg_stdperiph_lib/Debug/libstm32f405rg_stdperiph_lib.a(misc.o)
 .debug_macro   0x00013c33       0x34 /home/bj/workspace/eclipse/stm32/stm32f405rg_stdperiph_lib/Debug/libstm32f405rg_stdperiph_lib.a(misc.o)
 .debug_macro   0x00013c67      0x144 /home/bj/workspace/eclipse/stm32/stm32f405rg_stdperiph_lib/Debug/libstm32f405rg_stdperiph_lib.a(misc.o)
 .debug_macro   0x00013dab       0xc3 /home/bj/workspace/eclipse/stm32/stm32f405rg_stdperiph_lib/Debug/libstm32f405rg_stdperiph_lib.a(misc.o)
 .debug_macro   0x00013e6e       0x40 /home/bj/workspace/eclipse/stm32/stm32f405rg_stdperiph_lib/Debug/libstm32f405rg_stdperiph_lib.a(misc.o)
 .debug_macro   0x00013eae      0x3cf /home/bj/workspace/eclipse/stm32/stm32f405rg_stdperiph_lib/Debug/libstm32f405rg_stdperiph_lib.a(misc.o)
 .debug_macro   0x0001427d      0x188 /home/bj/workspace/eclipse/stm32/stm32f405rg_stdperiph_lib/Debug/libstm32f405rg_stdperiph_lib.a(misc.o)
 .debug_macro   0x00014405      0x149 /home/bj/workspace/eclipse/stm32/stm32f405rg_stdperiph_lib/Debug/libstm32f405rg_stdperiph_lib.a(misc.o)
 .debug_macro   0x0001454e       0x7c /home/bj/workspace/eclipse/stm32/stm32f405rg_stdperiph_lib/Debug/libstm32f405rg_stdperiph_lib.a(misc.o)
 .debug_macro   0x000145ca      0x211 /home/bj/workspace/eclipse/stm32/stm32f405rg_stdperiph_lib/Debug/libstm32f405rg_stdperiph_lib.a(stm32f4xx_can.o)
 .debug_macro   0x000147db      0x210 /home/bj/workspace/eclipse/stm32/stm32f405rg_stdperiph_lib/Debug/libstm32f405rg_stdperiph_lib.a(stm32f4xx_dma.o)
 .debug_macro   0x000149eb      0x471 /home/bj/workspace/eclipse/stm32/stm32f405rg_stdperiph_lib/Debug/libstm32f405rg_stdperiph_lib.a(stm32f4xx_dma.o)
 .debug_macro   0x00014e5c      0x1bc /home/bj/workspace/eclipse/stm32/stm32f405rg_stdperiph_lib/Debug/libstm32f405rg_stdperiph_lib.a(stm32f4xx_gpio.o)
 .debug_macro   0x00015018      0x2f5 /home/bj/workspace/eclipse/stm32/stm32f405rg_stdperiph_lib/Debug/libstm32f405rg_stdperiph_lib.a(stm32f4xx_gpio.o)
 .debug_macro   0x0001530d      0x28b /home/bj/workspace/eclipse/stm32/stm32f405rg_stdperiph_lib/Debug/libstm32f405rg_stdperiph_lib.a(stm32f4xx_rcc.o)
 .debug_macro   0x00015598      0x659 /home/bj/workspace/eclipse/stm32/stm32f405rg_stdperiph_lib/Debug/libstm32f405rg_stdperiph_lib.a(stm32f4xx_rcc.o)
 .debug_macro   0x00015bf1      0x1e6 /home/bj/workspace/eclipse/stm32/stm32f405rg_stdperiph_lib/Debug/libstm32f405rg_stdperiph_lib.a(stm32f4xx_tim.o)
 .debug_macro   0x00015dd7      0x735 /home/bj/workspace/eclipse/stm32/stm32f405rg_stdperiph_lib/Debug/libstm32f405rg_stdperiph_lib.a(stm32f4xx_tim.o)
 .debug_macro   0x0001650c      0x1d4 /home/bj/workspace/eclipse/stm32/stm32f405rg_stdperiph_lib/Debug/libstm32f405rg_stdperiph_lib.a(stm32f4xx_usart.o)
 .debug_macro   0x000166e0      0x21d /home/bj/workspace/eclipse/stm32/stm32f405rg_stdperiph_lib/Debug/libstm32f405rg_stdperiph_lib.a(stm32f4xx_usart.o)

.debug_line     0x00000000     0xb0e9
 .debug_line    0x00000000      0x763 src/bsp.o
 .debug_line    0x00000763      0x7ac src/can1.o
 .debug_line    0x00000f0f      0x7ab src/can2.o
 .debug_line    0x000016ba      0x772 src/can2_task.o
 .debug_line    0x00001e2c      0x34b src/crc16.o
 .debug_line    0x00002177      0x507 src/fifo.o
 .debug_line    0x0000267e      0x75f src/led.o
 .debug_line    0x00002ddd      0x75b src/main.o
 .debug_line    0x00003538       0x95 src/mecanum.o
 .debug_line    0x000035cd      0x770 src/odom_task.o
 .debug_line    0x00003d3d      0x791 src/pwm.o
 .debug_line    0x000044ce      0x76c src/quad_encoder.o
 .debug_line    0x00004c3a      0x5a8 src/syscalls.o
 .debug_line    0x000051e2      0x56f src/system_stm32f4xx.o
 .debug_line    0x00005751      0x7b7 src/timer.o
 .debug_line    0x00005f08      0x7aa src/usart1.o
 .debug_line    0x000066b2      0x7d5 src/usart3.o
 .debug_line    0x00006e87       0x79 startup/startup_stm32.o
 .debug_line    0x00006f00      0x664 /home/bj/workspace/eclipse/stm32/stm32f405rg_stdperiph_lib/Debug/libstm32f405rg_stdperiph_lib.a(misc.o)
 .debug_line    0x00007564      0x982 /home/bj/workspace/eclipse/stm32/stm32f405rg_stdperiph_lib/Debug/libstm32f405rg_stdperiph_lib.a(stm32f4xx_can.o)
 .debug_line    0x00007ee6      0x847 /home/bj/workspace/eclipse/stm32/stm32f405rg_stdperiph_lib/Debug/libstm32f405rg_stdperiph_lib.a(stm32f4xx_dma.o)
 .debug_line    0x0000872d      0x78c /home/bj/workspace/eclipse/stm32/stm32f405rg_stdperiph_lib/Debug/libstm32f405rg_stdperiph_lib.a(stm32f4xx_gpio.o)
 .debug_line    0x00008eb9      0xa80 /home/bj/workspace/eclipse/stm32/stm32f405rg_stdperiph_lib/Debug/libstm32f405rg_stdperiph_lib.a(stm32f4xx_rcc.o)
 .debug_line    0x00009939      0xede /home/bj/workspace/eclipse/stm32/stm32f405rg_stdperiph_lib/Debug/libstm32f405rg_stdperiph_lib.a(stm32f4xx_tim.o)
 .debug_line    0x0000a817      0x8d2 /home/bj/workspace/eclipse/stm32/stm32f405rg_stdperiph_lib/Debug/libstm32f405rg_stdperiph_lib.a(stm32f4xx_usart.o)

.debug_str      0x00000000    0x6864c
 .debug_str     0x00000000    0x51419 src/bsp.o
                              0x5165f (size before relaxing)
 .debug_str     0x00051419      0x92b src/can1.o
                              0x51fdd (size before relaxing)
 .debug_str     0x00051d44       0x4b src/can2.o
                              0x51fdd (size before relaxing)
 .debug_str     0x00051d8f       0xe2 src/can2_task.o
                              0x51741 (size before relaxing)
 .debug_str     0x00051e71       0x4c src/crc16.o
                               0x3473 (size before relaxing)
 .debug_str     0x00051ebd       0xc4 src/fifo.o
                               0x600e (size before relaxing)
 .debug_str     0x00051f81       0x18 src/led.o
                              0x517bc (size before relaxing)
 .debug_str     0x00051f99       0xa8 src/main.o
                              0x51701 (size before relaxing)
 .debug_str     0x00052041       0x45 src/mecanum.o
                               0x25b3 (size before relaxing)
 .debug_str     0x00052086       0x41 src/odom_task.o
                              0x5172a (size before relaxing)
 .debug_str     0x000520c7      0x109 src/pwm.o
                              0x5199f (size before relaxing)
 .debug_str     0x000521d0       0x29 src/quad_encoder.o
                              0x518bf (size before relaxing)
 .debug_str     0x000521f9     0x108f src/syscalls.o
                               0x7717 (size before relaxing)
 .debug_str     0x00053288      0x21c src/system_stm32f4xx.o
                              0x4c1a8 (size before relaxing)
 .debug_str     0x000534a4       0x56 src/timer.o
                              0x51d5c (size before relaxing)
 .debug_str     0x000534fa      0x21d src/usart1.o
                              0x51fb9 (size before relaxing)
 .debug_str     0x00053717      0x3eb src/usart3.o
                              0x522a5 (size before relaxing)
 .debug_str     0x00053b02    0x123ae /home/bj/workspace/eclipse/stm32/stm32f405rg_stdperiph_lib/Debug/libstm32f405rg_stdperiph_lib.a(misc.o)
                              0x5e3ce (size before relaxing)
 .debug_str     0x00065eb0      0x4f2 /home/bj/workspace/eclipse/stm32/stm32f405rg_stdperiph_lib/Debug/libstm32f405rg_stdperiph_lib.a(stm32f4xx_can.o)
                              0x5e900 (size before relaxing)
 .debug_str     0x000663a2      0x570 /home/bj/workspace/eclipse/stm32/stm32f405rg_stdperiph_lib/Debug/libstm32f405rg_stdperiph_lib.a(stm32f4xx_dma.o)
                              0x5e834 (size before relaxing)
 .debug_str     0x00066912      0x182 /home/bj/workspace/eclipse/stm32/stm32f405rg_stdperiph_lib/Debug/libstm32f405rg_stdperiph_lib.a(stm32f4xx_gpio.o)
                              0x5e476 (size before relaxing)
 .debug_str     0x00066a94      0xc60 /home/bj/workspace/eclipse/stm32/stm32f405rg_stdperiph_lib/Debug/libstm32f405rg_stdperiph_lib.a(stm32f4xx_rcc.o)
                              0x5ef83 (size before relaxing)
 .debug_str     0x000676f4      0xaa4 /home/bj/workspace/eclipse/stm32/stm32f405rg_stdperiph_lib/Debug/libstm32f405rg_stdperiph_lib.a(stm32f4xx_tim.o)
                              0x5ee6d (size before relaxing)
 .debug_str     0x00068198      0x4b4 /home/bj/workspace/eclipse/stm32/stm32f405rg_stdperiph_lib/Debug/libstm32f405rg_stdperiph_lib.a(stm32f4xx_usart.o)
                              0x5e789 (size before relaxing)

.comment        0x00000000       0x6e
 .comment       0x00000000       0x6e src/bsp.o
                                 0x6f (size before relaxing)
 .comment       0x0000006e       0x6f src/can1.o
 .comment       0x0000006e       0x6f src/can2.o
 .comment       0x0000006e       0x6f src/can2_task.o
 .comment       0x0000006e       0x6f src/crc16.o
 .comment       0x0000006e       0x6f src/fifo.o
 .comment       0x0000006e       0x6f src/led.o
 .comment       0x0000006e       0x6f src/main.o
 .comment       0x0000006e       0x6f src/mecanum.o
 .comment       0x0000006e       0x6f src/odom_task.o
 .comment       0x0000006e       0x6f src/pwm.o
 .comment       0x0000006e       0x6f src/quad_encoder.o
 .comment       0x0000006e       0x6f src/syscalls.o
 .comment       0x0000006e       0x6f src/system_stm32f4xx.o
 .comment       0x0000006e       0x6f src/timer.o
 .comment       0x0000006e       0x6f src/usart1.o
 .comment       0x0000006e       0x6f src/usart3.o
 .comment       0x0000006e       0x6f /home/bj/workspace/eclipse/stm32/stm32f405rg_stdperiph_lib/Debug/libstm32f405rg_stdperiph_lib.a(misc.o)
 .comment       0x0000006e       0x6f /home/bj/workspace/eclipse/stm32/stm32f405rg_stdperiph_lib/Debug/libstm32f405rg_stdperiph_lib.a(stm32f4xx_can.o)
 .comment       0x0000006e       0x6f /home/bj/workspace/eclipse/stm32/stm32f405rg_stdperiph_lib/Debug/libstm32f405rg_stdperiph_lib.a(stm32f4xx_dma.o)
 .comment       0x0000006e       0x6f /home/bj/workspace/eclipse/stm32/stm32f405rg_stdperiph_lib/Debug/libstm32f405rg_stdperiph_lib.a(stm32f4xx_gpio.o)
 .comment       0x0000006e       0x6f /home/bj/workspace/eclipse/stm32/stm32f405rg_stdperiph_lib/Debug/libstm32f405rg_stdperiph_lib.a(stm32f4xx_rcc.o)
 .comment       0x0000006e       0x6f /home/bj/workspace/eclipse/stm32/stm32f405rg_stdperiph_lib/Debug/libstm32f405rg_stdperiph_lib.a(stm32f4xx_tim.o)
 .comment       0x0000006e       0x6f /home/bj/workspace/eclipse/stm32/stm32f405rg_stdperiph_lib/Debug/libstm32f405rg_stdperiph_lib.a(stm32f4xx_usart.o)

.debug_frame    0x00000000     0x3228
 .debug_frame   0x00000000       0x2c src/bsp.o
 .debug_frame   0x0000002c       0x6c src/can1.o
 .debug_frame   0x00000098       0x6c src/can2.o
 .debug_frame   0x00000104       0x34 src/can2_task.o
 .debug_frame   0x00000138       0x80 src/crc16.o
 .debug_frame   0x000001b8      0x1fc src/fifo.o
 .debug_frame   0x000003b4       0x34 src/led.o
 .debug_frame   0x000003e8       0x2c src/main.o
 .debug_frame   0x00000414       0x60 src/mecanum.o
 .debug_frame   0x00000474       0x34 src/odom_task.o
 .debug_frame   0x000004a8       0x34 src/pwm.o
 .debug_frame   0x000004dc       0x34 src/quad_encoder.o
 .debug_frame   0x00000510      0x2d4 src/syscalls.o
 .debug_frame   0x000007e4       0x7c src/system_stm32f4xx.o
 .debug_frame   0x00000860       0xac src/timer.o
 .debug_frame   0x0000090c       0x58 src/usart1.o
 .debug_frame   0x00000964       0xc4 src/usart3.o
 .debug_frame   0x00000a28       0xd8 /home/bj/workspace/eclipse/stm32/stm32f405rg_stdperiph_lib/Debug/libstm32f405rg_stdperiph_lib.a(misc.o)
 .debug_frame   0x00000b00      0x3f0 /home/bj/workspace/eclipse/stm32/stm32f405rg_stdperiph_lib/Debug/libstm32f405rg_stdperiph_lib.a(stm32f4xx_can.o)
 .debug_frame   0x00000ef0      0x308 /home/bj/workspace/eclipse/stm32/stm32f405rg_stdperiph_lib/Debug/libstm32f405rg_stdperiph_lib.a(stm32f4xx_dma.o)
 .debug_frame   0x000011f8      0x23c /home/bj/workspace/eclipse/stm32/stm32f405rg_stdperiph_lib/Debug/libstm32f405rg_stdperiph_lib.a(stm32f4xx_gpio.o)
 .debug_frame   0x00001434      0x83c /home/bj/workspace/eclipse/stm32/stm32f405rg_stdperiph_lib/Debug/libstm32f405rg_stdperiph_lib.a(stm32f4xx_rcc.o)
 .debug_frame   0x00001c70      0xe54 /home/bj/workspace/eclipse/stm32/stm32f405rg_stdperiph_lib/Debug/libstm32f405rg_stdperiph_lib.a(stm32f4xx_tim.o)
 .debug_frame   0x00002ac4      0x490 /home/bj/workspace/eclipse/stm32/stm32f405rg_stdperiph_lib/Debug/libstm32f405rg_stdperiph_lib.a(stm32f4xx_usart.o)
 .debug_frame   0x00002f54       0x20 /home/bj/.p2/pool/plugins/fr.ac6.mcu.externaltools.arm-none.linux64_1.12.0.201611241417/tools/compiler/bin/../lib/gcc/arm-none-eabi/5.4.1/../../../../arm-none-eabi/lib/armv7e-m/fpu/libc.a(lib_a-errno.o)
 .debug_frame   0x00002f74       0x2c /home/bj/.p2/pool/plugins/fr.ac6.mcu.externaltools.arm-none.linux64_1.12.0.201611241417/tools/compiler/bin/../lib/gcc/arm-none-eabi/5.4.1/../../../../arm-none-eabi/lib/armv7e-m/fpu/libc.a(lib_a-init.o)
 .debug_frame   0x00002fa0       0x30 /home/bj/.p2/pool/plugins/fr.ac6.mcu.externaltools.arm-none.linux64_1.12.0.201611241417/tools/compiler/bin/../lib/gcc/arm-none-eabi/5.4.1/../../../../arm-none-eabi/lib/armv7e-m/fpu/libc.a(lib_a-malloc.o)
 .debug_frame   0x00002fd0       0x58 /home/bj/.p2/pool/plugins/fr.ac6.mcu.externaltools.arm-none.linux64_1.12.0.201611241417/tools/compiler/bin/../lib/gcc/arm-none-eabi/5.4.1/../../../../arm-none-eabi/lib/armv7e-m/fpu/libc.a(lib_a-mallocr.o)
 .debug_frame   0x00003028       0x30 /home/bj/.p2/pool/plugins/fr.ac6.mcu.externaltools.arm-none.linux64_1.12.0.201611241417/tools/compiler/bin/../lib/gcc/arm-none-eabi/5.4.1/../../../../arm-none-eabi/lib/armv7e-m/fpu/libc.a(lib_a-mlock.o)
 .debug_frame   0x00003058       0x2c /home/bj/.p2/pool/plugins/fr.ac6.mcu.externaltools.arm-none.linux64_1.12.0.201611241417/tools/compiler/bin/../lib/gcc/arm-none-eabi/5.4.1/../../../../arm-none-eabi/lib/armv7e-m/fpu/libc.a(lib_a-sbrkr.o)
 .debug_frame   0x00003084       0x50 /home/bj/.p2/pool/plugins/fr.ac6.mcu.externaltools.arm-none.linux64_1.12.0.201611241417/tools/compiler/bin/../lib/gcc/arm-none-eabi/5.4.1/../../../../arm-none-eabi/lib/armv7e-m/fpu/libc.a(lib_a-__call_atexit.o)
 .debug_frame   0x000030d4       0x20 /home/bj/.p2/pool/plugins/fr.ac6.mcu.externaltools.arm-none.linux64_1.12.0.201611241417/tools/compiler/bin/../lib/gcc/arm-none-eabi/5.4.1/../../../../arm-none-eabi/lib/armv7e-m/fpu/libc.a(lib_a-atexit.o)
 .debug_frame   0x000030f4       0x34 /home/bj/.p2/pool/plugins/fr.ac6.mcu.externaltools.arm-none.linux64_1.12.0.201611241417/tools/compiler/bin/../lib/gcc/arm-none-eabi/5.4.1/../../../../arm-none-eabi/lib/armv7e-m/fpu/libc.a(lib_a-fini.o)
 .debug_frame   0x00003128       0x74 /home/bj/.p2/pool/plugins/fr.ac6.mcu.externaltools.arm-none.linux64_1.12.0.201611241417/tools/compiler/bin/../lib/gcc/arm-none-eabi/5.4.1/../../../../arm-none-eabi/lib/armv7e-m/fpu/libc.a(lib_a-freer.o)
 .debug_frame   0x0000319c       0x58 /home/bj/.p2/pool/plugins/fr.ac6.mcu.externaltools.arm-none.linux64_1.12.0.201611241417/tools/compiler/bin/../lib/gcc/arm-none-eabi/5.4.1/../../../../arm-none-eabi/lib/armv7e-m/fpu/libc.a(lib_a-reent.o)
 .debug_frame   0x000031f4       0x34 /home/bj/.p2/pool/plugins/fr.ac6.mcu.externaltools.arm-none.linux64_1.12.0.201611241417/tools/compiler/bin/../lib/gcc/arm-none-eabi/5.4.1/../../../../arm-none-eabi/lib/armv7e-m/fpu/libc.a(lib_a-__atexit.o)
